e:\all\DesktopC#-12\Progress_V2\sistem-prakerin-master\Helper.cs(12,7): warning CS0105: The using directive for 'System.Text' appeared previously in this namespace [e:\all\DesktopC#-12\Progress_V2\sistem-prakerin-master\app_prakerin.csproj]
e:\all\DesktopC#-12\Progress_V2\sistem-prakerin-master\Helper.cs(13,7): warning CS0105: The using directive for 'System.Windows.Forms' appeared previously in this namespace [e:\all\DesktopC#-12\Progress_V2\sistem-prakerin-master\app_prakerin.csproj]
  app_prakerin -> e:\all\DesktopC#-12\Progress_V2\sistem-prakerin-master\bin\Debug\app_prakerin.exe
